[leadsgorilla.io/special2/index.html]
[backblue.gif]
[fade.gif]
[index.html]
[leadsgorilla.io/wp-content/uploads/2020/07/Stunning-Transparent-Image-Suite2.png]
[leadsgorilla.io/wp-content/cache/wpfc-minified/2nz2r0gn/fybf5.css]
[leadsgorilla.io/wp-content/uploads/2020/05/favicon-1.png]
[leadsgorilla.io/wp-content/cache/wpfc-minified/2elad0ym/fybf4.css]
[leadsgorilla.io/wp-content/uploads/2020/05/Logo.png]
[leadsgorilla.io/wp-content/uploads/2020/06/Untitled-1.png]
[leadsgorilla.io/wp-content/uploads/2020/06/tt-2-1.png]
[leadsgorilla.io/wp-content/uploads/2020/06/guarantee-white-1-4-1.png]
[leadsgorilla.io/wp-content/uploads/2020/07/step-1-4.png]
[leadsgorilla.io/wp-content/uploads/2020/07/step-2-5.png]
[leadsgorilla.io/wp-content/uploads/2020/07/step-3-4.png]
[leadsgorilla.io/wp-content/uploads/2020/07/321-1.png]
[leadsgorilla.io/wp-content/uploads/2020/07/280.png]
[leadsgorilla.io/wp-content/uploads/2020/07/2286642-2-1.png]
[leadsgorilla.io/wp-content/uploads/2020/06/download.png]
[leadsgorilla.io/wp-content/uploads/2020/06/point.png]
[leadsgorilla.io/wp-content/uploads/2020/07/343-Converted.png]
[leadsgorilla.io/wp-content/uploads/2020/06/divider.png]
[leadsgorilla.io/wp-content/uploads/2020/07/guilt.png]
[leadsgorilla.io/wp-content/uploads/2020/07/Standard_presentation32.png]
[leadsgorilla.io/wp-content/uploads/2020/05/250x500Logo.png]
[leadsgorilla.io/wp-content/uploads/2020/07/Standard_presentation-3-1.png]
[leadsgorilla.io/wp-content/uploads/2020/06/divider-1.png]
[leadsgorilla.io/wp-content/uploads/2020/06/guarantee-black-1-4-2.png]
[leadsgorilla.io/wp-content/uploads/2020/07/testi1-1-1.png]
[leadsgorilla.io/wp-content/uploads/2020/07/gmbb.png]
[leadsgorilla.io/wp-content/uploads/2020/07/image-1.png]
[leadsgorilla.io/wp-content/uploads/2020/07/image-2-1.png]
[leadsgorilla.io/wp-content/uploads/2020/07/image-3-1.png]
[leadsgorilla.io/wp-content/uploads/2020/07/image-4.png]
[leadsgorilla.io/wp-content/uploads/2020/07/1-3-2.png]
[leadsgorilla.io/wp-content/uploads/2020/07/2-3-2-1.png]
[leadsgorilla.io/wp-content/uploads/2020/07/3-1-2.png]
[leadsgorilla.io/wp-content/uploads/2020/07/4-3-1.png]
[leadsgorilla.io/wp-content/uploads/2020/07/10-1-1.png]
[leadsgorilla.io/wp-content/uploads/2020/07/5-1-1.png]
[leadsgorilla.io/wp-content/uploads/2020/07/6-1-1.png]
[leadsgorilla.io/wp-content/uploads/2020/07/7-1-1.png]
[leadsgorilla.io/wp-content/uploads/2020/07/8-1-1.png]
[leadsgorilla.io/wp-content/uploads/2020/07/testimonials-2-1.png]
[leadsgorilla.io/wp-content/uploads/2020/07/testi-1.png]
[leadsgorilla.io/wp-content/uploads/2020/06/guarantee-white-1-4.png]
[leadsgorilla.io/wp-content/uploads/2020/07/claimdunc-3.png]
[leadsgorilla.io/wp-content/uploads/2020/07/leadsscore-1.png]
[leadsgorilla.io/wp-content/uploads/2020/06/3664d1635602-1.png]
[leadsgorilla.io/wp-content/uploads/2020/07/Fastest-Google-Cache2.png]
[leadsgorilla.io/wp-content/uploads/2020/07/Video-Lazy-Loader2.png]
[leadsgorilla.io/wp-content/uploads/2020/07/Slick-WP-Page-Builder2.png]
[leadsgorilla.io/wp-content/uploads/2020/07/Local-Facebook2.png]
[leadsgorilla.io/wp-content/uploads/2020/07/Local-Real-Estate2.png]
[leadsgorilla.io/wp-content/uploads/2020/07/1-3-1.png]
[leadsgorilla.io/wp-content/uploads/2020/07/2-3-1.png]
[leadsgorilla.io/wp-content/uploads/2020/07/3-2-1.png]
[leadsgorilla.io/wp-content/uploads/2020/07/4-2-1.png]
[leadsgorilla.io/wp-content/uploads/2020/06/mback-2.png]
[leadsgorilla.io/wp-content/uploads/2020/07/12-1.png]
[leadsgorilla.io/wp-content/uploads/2020/06/tt-2-2.png]
[leadsgorilla.io/wp-content/uploads/2020/06/23-1.png]
[leadsgorilla.io/wp-content/uploads/2020/07/171-1.png]
[leadsgorilla.io/wp-content/uploads/2020/06/59636722_392565658260820_2157390350845476864_n.jpg]
[leadsgorilla.io/wp-content/uploads/2020/06/ben-1.png]
[leadsgorilla.io/wp-content/uploads/2020/06/39608488_515474515560737_1214959859066208256_n.jpg]
[leadsgorilla.io/wp-content/cache/wpfc-minified/96jc8ati/fybf5.js]
[cdn.paddle.com/paddle/paddle.js]
[cdn.useproof.com/proofa219.js]
[s3.amazonaws.com/provely-public/w/provely-2.0.js]
[a.deadlinefunnel.com/unified/reactunified.bundle4ddc.js]
[connect.facebook.net/en_US/fbevents.js]
[leadsgorilla.io/special2/index.html]
[leadsgorilla.io/wp-content/cache/wpfc-minified/4sqp5gg/fybf5.js]
[leadsgorilla.io/wp-content/plugins/divi-icons-pro/assets/img/searchicon.png]
[leadsgorilla.io/wp-content/cache/wpfc-minified/2nz2r0gn/fybf5.css]
[www.googletagmanager.com/gtm5445.html]
[leadsgorilla.io/wp-content/uploads/2020/07/bg-3.png]
[leadsgorilla.io/wp-content/cache/wpfc-minified/2elad0ym/fybf4.css]
[leadsgorilla.io/special2/POST]
[connect.facebook.net/en_US/fbevents.js]
[leadsgorilla.io/special2/POST.html]
